// Jest Snapshot v1, https://goo.gl/fbAQLP

exports[`Footer Component should render correctly 1`] = `
<div
  className="footer"
  id="footer"
>
  Â© Liza Morrison 2021
</div>
`;
